Archive member included to satisfy reference by file (symbol)

c:/program files (x86)/gnu tools arm embedded/9 2019-q4-major/bin/../lib/gcc/arm-none-eabi/9.2.1/../../../../arm-none-eabi/lib/thumb/v7-m/nofp\libg.a(lib_a-rand.o)
                              ..\obj\main.o (srand)
c:/program files (x86)/gnu tools arm embedded/9 2019-q4-major/bin/../lib/gcc/arm-none-eabi/9.2.1/../../../../arm-none-eabi/lib/thumb/v7-m/nofp\libg.a(lib_a-strncmp.o)
                              ..\obj\main.o (strncmp)

Allocating common symbols
Common symbol       size              file

SaveRState          0x2               ..\obj\usb_int.o
HSEStartUpStatus    0x1               ..\obj\hw_config.o
SaveState           0x2               ..\obj\usb_init.o
Receive_length      0x4               ..\obj\usb_endp.o
wIstr               0x2               ..\obj\usb_istr.o
pProperty           0x4               ..\obj\usb_init.o
EPindex             0x1               ..\obj\usb_init.o
usbReceived         0x20              ..\obj\main.o
SaveTState          0x2               ..\obj\usb_int.o
Device_Info         0x1c              ..\obj\usb_init.o
pUser_Standard_Requests
                    0x4               ..\obj\usb_init.o
USB_colors          0xc8              ..\obj\main.o
Receive_Buffer      0x40              ..\obj\hw_config.o
USART_colors        0xc8              ..\obj\main.o
StatusInfo          0x2               ..\obj\usb_core.o
pInformation        0x4               ..\obj\usb_init.o
ResumeS             0x2               ..\obj\usb_pwr.o
EP                  0x20              ..\obj\usb_pwr.o
EXTI_InitStructure  0x8               ..\obj\hw_config.o
Send_Buffer         0x40              ..\obj\main.o
Send_length         0x4               ..\obj\hw_config.o
wInterrupt_Mask     0x2               ..\obj\usb_init.o
received            0x32              ..\obj\main.o

Discarded input sections

 .text          0x00000000        0x0 ..\obj\stm32f10x_rtc.o
 .data          0x00000000        0x0 ..\obj\stm32f10x_rtc.o
 .bss           0x00000000        0x0 ..\obj\stm32f10x_rtc.o
 .text.RTC_SetCounter
                0x00000000       0x30 ..\obj\stm32f10x_rtc.o
 .text.RTC_SetAlarm
                0x00000000       0x30 ..\obj\stm32f10x_rtc.o
 .text.RTC_GetDivider
                0x00000000       0x38 ..\obj\stm32f10x_rtc.o
 .text.RTC_GetFlagStatus
                0x00000000       0x38 ..\obj\stm32f10x_rtc.o
 .text.RTC_ClearFlag
                0x00000000       0x2c ..\obj\stm32f10x_rtc.o
 .text          0x00000000        0x0 ..\obj\semihosting.o
 .data          0x00000000        0x0 ..\obj\semihosting.o
 .bss           0x00000000       0x11 ..\obj\semihosting.o
 .text.SH_SendChar
                0x00000000       0x64 ..\obj\semihosting.o
 .text.SH_SendString
                0x00000000       0x1e ..\obj\semihosting.o
 .text.SH_GetChar
                0x00000000       0x3e ..\obj\semihosting.o
 .debug_info    0x00000000      0x9f8 ..\obj\semihosting.o
 .debug_abbrev  0x00000000      0x23a ..\obj\semihosting.o
 .debug_aranges
                0x00000000       0x30 ..\obj\semihosting.o
 .debug_ranges  0x00000000       0x20 ..\obj\semihosting.o
 .debug_line    0x00000000      0x224 ..\obj\semihosting.o
 .debug_str     0x00000000      0x5c2 ..\obj\semihosting.o
 .comment       0x00000000       0x7a ..\obj\semihosting.o
 .debug_frame   0x00000000       0x7c ..\obj\semihosting.o
 .ARM.attributes
                0x00000000       0x2d ..\obj\semihosting.o
 .text          0x00000000        0x0 ..\obj\usb_core.o
 .data          0x00000000        0x0 ..\obj\usb_core.o
 .text          0x00000000        0x0 ..\obj\stm32f10x_tim.o
 .data          0x00000000        0x0 ..\obj\stm32f10x_tim.o
 .bss           0x00000000        0x0 ..\obj\stm32f10x_tim.o
 .text.TIM_DeInit
                0x00000000      0x22c ..\obj\stm32f10x_tim.o
 .text.TIM_ICInit
                0x00000000       0xa8 ..\obj\stm32f10x_tim.o
 .text.TIM_PWMIConfig
                0x00000000       0xb8 ..\obj\stm32f10x_tim.o
 .text.TIM_BDTRConfig
                0x00000000       0x4e ..\obj\stm32f10x_tim.o
 .text.TIM_TimeBaseStructInit
                0x00000000       0x32 ..\obj\stm32f10x_tim.o
 .text.TIM_OCStructInit
                0x00000000       0x42 ..\obj\stm32f10x_tim.o
 .text.TIM_ICStructInit
                0x00000000       0x30 ..\obj\stm32f10x_tim.o
 .text.TIM_BDTRStructInit
                0x00000000       0x3c ..\obj\stm32f10x_tim.o
 .text.TIM_CtrlPWMOutputs
                0x00000000       0x4a ..\obj\stm32f10x_tim.o
 .text.TIM_ITConfig
                0x00000000       0x46 ..\obj\stm32f10x_tim.o
 .text.TIM_GenerateEvent
                0x00000000       0x1c ..\obj\stm32f10x_tim.o
 .text.TIM_DMAConfig
                0x00000000       0x28 ..\obj\stm32f10x_tim.o
 .text.TIM_DMACmd
                0x00000000       0x46 ..\obj\stm32f10x_tim.o
 .text.TIM_InternalClockConfig
                0x00000000       0x22 ..\obj\stm32f10x_tim.o
 .text.TIM_ITRxExternalClockConfig
                0x00000000       0x2e ..\obj\stm32f10x_tim.o
 .text.TIM_TIxExternalClockConfig
                0x00000000       0x5c ..\obj\stm32f10x_tim.o
 .text.TIM_ETRClockMode1Config
                0x00000000       0x5e ..\obj\stm32f10x_tim.o
 .text.TIM_ETRClockMode2Config
                0x00000000       0x3e ..\obj\stm32f10x_tim.o
 .text.TIM_ETRConfig
                0x00000000       0x52 ..\obj\stm32f10x_tim.o
 .text.TIM_PrescalerConfig
                0x00000000       0x26 ..\obj\stm32f10x_tim.o
 .text.TIM_CounterModeConfig
                0x00000000       0x36 ..\obj\stm32f10x_tim.o
 .text.TIM_SelectInputTrigger
                0x00000000       0x36 ..\obj\stm32f10x_tim.o
 .text.TIM_EncoderInterfaceConfig
                0x00000000       0x96 ..\obj\stm32f10x_tim.o
 .text.TIM_ForcedOC1Config
                0x00000000       0x36 ..\obj\stm32f10x_tim.o
 .text.TIM_ForcedOC2Config
                0x00000000       0x3a ..\obj\stm32f10x_tim.o
 .text.TIM_ForcedOC3Config
                0x00000000       0x36 ..\obj\stm32f10x_tim.o
 .text.TIM_ForcedOC4Config
                0x00000000       0x3a ..\obj\stm32f10x_tim.o
 .text.TIM_SelectCOM
                0x00000000       0x3e ..\obj\stm32f10x_tim.o
 .text.TIM_SelectCCDMA
                0x00000000       0x3e ..\obj\stm32f10x_tim.o
 .text.TIM_CCPreloadControl
                0x00000000       0x3e ..\obj\stm32f10x_tim.o
 .text.TIM_OC1FastConfig
                0x00000000       0x36 ..\obj\stm32f10x_tim.o
 .text.TIM_OC2FastConfig
                0x00000000       0x3a ..\obj\stm32f10x_tim.o
 .text.TIM_OC3FastConfig
                0x00000000       0x36 ..\obj\stm32f10x_tim.o
 .text.TIM_OC4FastConfig
                0x00000000       0x3a ..\obj\stm32f10x_tim.o
 .text.TIM_ClearOC1Ref
                0x00000000       0x36 ..\obj\stm32f10x_tim.o
 .text.TIM_ClearOC2Ref
                0x00000000       0x3a ..\obj\stm32f10x_tim.o
 .text.TIM_ClearOC3Ref
                0x00000000       0x36 ..\obj\stm32f10x_tim.o
 .text.TIM_ClearOC4Ref
                0x00000000       0x3a ..\obj\stm32f10x_tim.o
 .text.TIM_OC1PolarityConfig
                0x00000000       0x36 ..\obj\stm32f10x_tim.o
 .text.TIM_OC1NPolarityConfig
                0x00000000       0x36 ..\obj\stm32f10x_tim.o
 .text.TIM_OC2PolarityConfig
                0x00000000       0x3a ..\obj\stm32f10x_tim.o
 .text.TIM_OC2NPolarityConfig
                0x00000000       0x3a ..\obj\stm32f10x_tim.o
 .text.TIM_OC3PolarityConfig
                0x00000000       0x3a ..\obj\stm32f10x_tim.o
 .text.TIM_OC3NPolarityConfig
                0x00000000       0x3a ..\obj\stm32f10x_tim.o
 .text.TIM_OC4PolarityConfig
                0x00000000       0x3a ..\obj\stm32f10x_tim.o
 .text.TIM_CCxCmd
                0x00000000       0x54 ..\obj\stm32f10x_tim.o
 .text.TIM_CCxNCmd
                0x00000000       0x54 ..\obj\stm32f10x_tim.o
 .text.TIM_SelectOCxM
                0x00000000       0xb0 ..\obj\stm32f10x_tim.o
 .text.TIM_UpdateDisableConfig
                0x00000000       0x3e ..\obj\stm32f10x_tim.o
 .text.TIM_UpdateRequestConfig
                0x00000000       0x3e ..\obj\stm32f10x_tim.o
 .text.TIM_SelectHallSensor
                0x00000000       0x3e ..\obj\stm32f10x_tim.o
 .text.TIM_SelectOnePulseMode
                0x00000000       0x36 ..\obj\stm32f10x_tim.o
 .text.TIM_SelectOutputTrigger
                0x00000000       0x36 ..\obj\stm32f10x_tim.o
 .text.TIM_SelectSlaveMode
                0x00000000       0x36 ..\obj\stm32f10x_tim.o
 .text.TIM_SelectMasterSlaveMode
                0x00000000       0x36 ..\obj\stm32f10x_tim.o
 .text.TIM_SetCounter
                0x00000000       0x1c ..\obj\stm32f10x_tim.o
 .text.TIM_SetAutoreload
                0x00000000       0x1c ..\obj\stm32f10x_tim.o
 .text.TIM_SetIC1Prescaler
                0x00000000       0x36 ..\obj\stm32f10x_tim.o
 .text.TIM_SetIC2Prescaler
                0x00000000       0x3a ..\obj\stm32f10x_tim.o
 .text.TIM_SetIC3Prescaler
                0x00000000       0x36 ..\obj\stm32f10x_tim.o
 .text.TIM_SetIC4Prescaler
                0x00000000       0x3a ..\obj\stm32f10x_tim.o
 .text.TIM_SetClockDivision
                0x00000000       0x36 ..\obj\stm32f10x_tim.o
 .text.TIM_GetCapture1
                0x00000000       0x18 ..\obj\stm32f10x_tim.o
 .text.TIM_GetCapture2
                0x00000000       0x18 ..\obj\stm32f10x_tim.o
 .text.TIM_GetCapture3
                0x00000000       0x18 ..\obj\stm32f10x_tim.o
 .text.TIM_GetCapture4
                0x00000000       0x1a ..\obj\stm32f10x_tim.o
 .text.TIM_GetCounter
                0x00000000       0x18 ..\obj\stm32f10x_tim.o
 .text.TIM_GetPrescaler
                0x00000000       0x18 ..\obj\stm32f10x_tim.o
 .text.TIM_GetFlagStatus
                0x00000000       0x36 ..\obj\stm32f10x_tim.o
 .text.TIM_ClearFlag
                0x00000000       0x20 ..\obj\stm32f10x_tim.o
 .text.TIM_GetITStatus
                0x00000000       0x52 ..\obj\stm32f10x_tim.o
 .text.TIM_ClearITPendingBit
                0x00000000       0x20 ..\obj\stm32f10x_tim.o
 .text.TI1_Config
                0x00000000       0xe0 ..\obj\stm32f10x_tim.o
 .text.TI2_Config
                0x00000000       0xf4 ..\obj\stm32f10x_tim.o
 .text.TI3_Config
                0x00000000       0xec ..\obj\stm32f10x_tim.o
 .text.TI4_Config
                0x00000000       0xf8 ..\obj\stm32f10x_tim.o
 .text          0x00000000        0x0 ..\obj\usb_int.o
 .data          0x00000000        0x0 ..\obj\usb_int.o
 .bss           0x00000000        0x0 ..\obj\usb_int.o
 .text.CTR_HP   0x00000000       0xf0 ..\obj\usb_int.o
 .text          0x00000000        0x0 ..\obj\system_stm32f10x.o
 .data          0x00000000       0x14 ..\obj\system_stm32f10x.o
 .bss           0x00000000        0x0 ..\obj\system_stm32f10x.o
 .text.SystemCoreClockUpdate
                0x00000000       0xe4 ..\obj\system_stm32f10x.o
 .text          0x00000000        0x0 ..\obj\usb_desc.o
 .bss           0x00000000        0x0 ..\obj\usb_desc.o
 .text          0x00000000        0x0 ..\obj\usb_regs.o
 .data          0x00000000        0x0 ..\obj\usb_regs.o
 .bss           0x00000000        0x0 ..\obj\usb_regs.o
 .text.SetCNTR  0x00000000       0x20 ..\obj\usb_regs.o
 .text.GetCNTR  0x00000000       0x18 ..\obj\usb_regs.o
 .text.SetISTR  0x00000000       0x20 ..\obj\usb_regs.o
 .text.GetISTR  0x00000000       0x18 ..\obj\usb_regs.o
 .text.GetFNR   0x00000000       0x18 ..\obj\usb_regs.o
 .text.SetDADDR
                0x00000000       0x20 ..\obj\usb_regs.o
 .text.GetDADDR
                0x00000000       0x18 ..\obj\usb_regs.o
 .text.GetBTABLE
                0x00000000       0x18 ..\obj\usb_regs.o
 .text.SetENDPOINT
                0x00000000       0x2a ..\obj\usb_regs.o
 .text.GetENDPOINT
                0x00000000       0x24 ..\obj\usb_regs.o
 .text.GetEPType
                0x00000000       0x2a ..\obj\usb_regs.o
 .text.SetDouBleBuffEPStall
                0x00000000       0x5a ..\obj\usb_regs.o
 .text.GetEPTxStatus
                0x00000000       0x2a ..\obj\usb_regs.o
 .text.GetEPRxStatus
                0x00000000       0x2a ..\obj\usb_regs.o
 .text.SetEP_KIND
                0x00000000       0x50 ..\obj\usb_regs.o
 .text.ClearEP_KIND
                0x00000000       0x48 ..\obj\usb_regs.o
 .text.Set_Status_Out
                0x00000000       0x50 ..\obj\usb_regs.o
 .text.SetEPDoubleBuff
                0x00000000       0x50 ..\obj\usb_regs.o
 .text.ClearEPDoubleBuff
                0x00000000       0x48 ..\obj\usb_regs.o
 .text.GetTxStallStatus
                0x00000000       0x34 ..\obj\usb_regs.o
 .text.GetRxStallStatus
                0x00000000       0x36 ..\obj\usb_regs.o
 .text.ClearEP_CTR_RX
                0x00000000       0x3a ..\obj\usb_regs.o
 .text.ClearEP_CTR_TX
                0x00000000       0x3a ..\obj\usb_regs.o
 .text.ToggleDTOG_RX
                0x00000000       0x42 ..\obj\usb_regs.o
 .text.ToggleDTOG_TX
                0x00000000       0x42 ..\obj\usb_regs.o
 .text.SetEPAddress
                0x00000000       0x4c ..\obj\usb_regs.o
 .text.GetEPAddress
                0x00000000       0x2a ..\obj\usb_regs.o
 .text.SetEPCountRxReg
                0x00000000       0x62 ..\obj\usb_regs.o
 .text.GetEPTxCount
                0x00000000       0x3c ..\obj\usb_regs.o
 .text.SetEPDblBuffAddr
                0x00000000       0x68 ..\obj\usb_regs.o
 .text.SetEPDblBuf0Addr
                0x00000000       0x40 ..\obj\usb_regs.o
 .text.SetEPDblBuf1Addr
                0x00000000       0x44 ..\obj\usb_regs.o
 .text.GetEPDblBuf0Addr
                0x00000000       0x34 ..\obj\usb_regs.o
 .text.GetEPDblBuf1Addr
                0x00000000       0x34 ..\obj\usb_regs.o
 .text.SetEPDblBuffCount
                0x00000000      0x13c ..\obj\usb_regs.o
 .text.SetEPDblBuf0Count
                0x00000000       0xb0 ..\obj\usb_regs.o
 .text.SetEPDblBuf1Count
                0x00000000       0xb0 ..\obj\usb_regs.o
 .text.GetEPDblBuf0Count
                0x00000000       0x3c ..\obj\usb_regs.o
 .text.GetEPDblBuf1Count
                0x00000000       0x3c ..\obj\usb_regs.o
 .text.GetEPDblBufDir
                0x00000000       0x6c ..\obj\usb_regs.o
 .text.FreeUserBuffer
                0x00000000       0x84 ..\obj\usb_regs.o
 .text.ToWord   0x00000000       0x2c ..\obj\usb_regs.o
 .text          0x00000000        0x0 ..\obj\startup_stm32f10x_md.o
 .data          0x00000000        0x0 ..\obj\startup_stm32f10x_md.o
 .bss           0x00000000        0x0 ..\obj\startup_stm32f10x_md.o
 .text          0x00000000        0x0 ..\obj\stm32f10x_pwr.o
 .data          0x00000000        0x0 ..\obj\stm32f10x_pwr.o
 .bss           0x00000000        0x0 ..\obj\stm32f10x_pwr.o
 .text.PWR_DeInit
                0x00000000       0x1c ..\obj\stm32f10x_pwr.o
 .text.PWR_PVDCmd
                0x00000000       0x20 ..\obj\stm32f10x_pwr.o
 .text.PWR_PVDLevelConfig
                0x00000000       0x38 ..\obj\stm32f10x_pwr.o
 .text.PWR_WakeUpPinCmd
                0x00000000       0x20 ..\obj\stm32f10x_pwr.o
 .text.PWR_EnterSTOPMode
                0x00000000       0x64 ..\obj\stm32f10x_pwr.o
 .text.PWR_EnterSTANDBYMode
                0x00000000       0x3c ..\obj\stm32f10x_pwr.o
 .text.PWR_GetFlagStatus
                0x00000000       0x34 ..\obj\stm32f10x_pwr.o
 .text.PWR_ClearFlag
                0x00000000       0x24 ..\obj\stm32f10x_pwr.o
 .text          0x00000000        0x0 ..\obj\hw_config.o
 .data          0x00000000        0x0 ..\obj\hw_config.o
 .bss           0x00000000        0x0 ..\obj\hw_config.o
 .text.Enter_LowPowerMode
                0x00000000       0x18 ..\obj\hw_config.o
 .text.CDC_Receive_DATA
                0x00000000       0x1c ..\obj\hw_config.o
 .text          0x00000000        0x0 ..\obj\stm32f10x_gpio.o
 .data          0x00000000        0x0 ..\obj\stm32f10x_gpio.o
 .bss           0x00000000        0x0 ..\obj\stm32f10x_gpio.o
 .text.GPIO_DeInit
                0x00000000       0xe4 ..\obj\stm32f10x_gpio.o
 .text.GPIO_AFIODeInit
                0x00000000       0x18 ..\obj\stm32f10x_gpio.o
 .text.GPIO_StructInit
                0x00000000       0x26 ..\obj\stm32f10x_gpio.o
 .text.GPIO_ReadInputDataBit
                0x00000000       0x32 ..\obj\stm32f10x_gpio.o
 .text.GPIO_ReadInputData
                0x00000000       0x18 ..\obj\stm32f10x_gpio.o
 .text.GPIO_ReadOutputDataBit
                0x00000000       0x32 ..\obj\stm32f10x_gpio.o
 .text.GPIO_ReadOutputData
                0x00000000       0x18 ..\obj\stm32f10x_gpio.o
 .text.GPIO_WriteBit
                0x00000000       0x2e ..\obj\stm32f10x_gpio.o
 .text.GPIO_Write
                0x00000000       0x1c ..\obj\stm32f10x_gpio.o
 .text.GPIO_PinLockConfig
                0x00000000       0x42 ..\obj\stm32f10x_gpio.o
 .text.GPIO_EventOutputConfig
                0x00000000       0x4c ..\obj\stm32f10x_gpio.o
 .text.GPIO_EventOutputCmd
                0x00000000       0x20 ..\obj\stm32f10x_gpio.o
 .text.GPIO_ETH_MediaInterfaceConfig
                0x00000000       0x1c ..\obj\stm32f10x_gpio.o
 .text          0x00000000        0x0 ..\obj\usb_prop.o
 .text          0x00000000        0x0 ..\obj\usb_pwr.o
 .text.PowerOff
                0x00000000       0x2c ..\obj\usb_pwr.o
 .text          0x00000000        0x0 ..\obj\usb_init.o
 .data          0x00000000        0x0 ..\obj\usb_init.o
 .bss           0x00000000        0x0 ..\obj\usb_init.o
 .text          0x00000000        0x0 ..\obj\main.o
 .text          0x00000000        0x0 ..\obj\printf.o
 .bss           0x00000000        0x0 ..\obj\printf.o
 .text.PrintChar
                0x00000000       0x1a ..\obj\printf.o
 .text.PutChar  0x00000000       0x1e ..\obj\printf.o
 .text.PutString
                0x00000000       0x3a ..\obj\printf.o
 .text.PutUnsignedInt
                0x00000000       0x9c ..\obj\printf.o
 .text.PutSignedInt
                0x00000000       0xf8 ..\obj\printf.o
 .text.PutHexa  0x00000000       0xd4 ..\obj\printf.o
 .text.vsnprintf
                0x00000000      0x254 ..\obj\printf.o
 .text.snprintf
                0x00000000       0x30 ..\obj\printf.o
 .text.vsprintf
                0x00000000       0x22 ..\obj\printf.o
 .rodata        0x00000000       0x24 ..\obj\printf.o
 .text.vfprintf
                0x00000000       0x68 ..\obj\printf.o
 .text.vprintf  0x00000000       0x28 ..\obj\printf.o
 .text.fprintf  0x00000000       0x2c ..\obj\printf.o
 .text.printf   0x00000000       0x28 ..\obj\printf.o
 .text.sprintf  0x00000000       0x2c ..\obj\printf.o
 .text.puts     0x00000000       0x38 ..\obj\printf.o
 .text.fputc    0x00000000       0x40 ..\obj\printf.o
 .text.fputs    0x00000000       0x48 ..\obj\printf.o
 .text          0x00000000        0x0 ..\obj\stm32f10x_rcc.o
 .data          0x00000000       0x14 ..\obj\stm32f10x_rcc.o
 .bss           0x00000000        0x0 ..\obj\stm32f10x_rcc.o
 .text.RCC_DeInit
                0x00000000       0x5c ..\obj\stm32f10x_rcc.o
 .text.RCC_HSEConfig
                0x00000000       0x5c ..\obj\stm32f10x_rcc.o
 .text.RCC_WaitForHSEStartUp
                0x00000000       0x50 ..\obj\stm32f10x_rcc.o
 .text.RCC_AdjustHSICalibrationValue
                0x00000000       0x3c ..\obj\stm32f10x_rcc.o
 .text.RCC_HSICmd
                0x00000000       0x20 ..\obj\stm32f10x_rcc.o
 .text.RCC_PLLConfig
                0x00000000       0x3c ..\obj\stm32f10x_rcc.o
 .text.RCC_PLLCmd
                0x00000000       0x20 ..\obj\stm32f10x_rcc.o
 .text.RCC_SYSCLKConfig
                0x00000000       0x38 ..\obj\stm32f10x_rcc.o
 .text.RCC_GetSYSCLKSource
                0x00000000       0x1c ..\obj\stm32f10x_rcc.o
 .text.RCC_HCLKConfig
                0x00000000       0x38 ..\obj\stm32f10x_rcc.o
 .text.RCC_PCLK1Config
                0x00000000       0x38 ..\obj\stm32f10x_rcc.o
 .text.RCC_PCLK2Config
                0x00000000       0x38 ..\obj\stm32f10x_rcc.o
 .text.RCC_ITConfig
                0x00000000       0x4c ..\obj\stm32f10x_rcc.o
 .text.RCC_ADCCLKConfig
                0x00000000       0x38 ..\obj\stm32f10x_rcc.o
 .text.RCC_LSEConfig
                0x00000000       0x40 ..\obj\stm32f10x_rcc.o
 .text.RCC_GetClocksFreq
                0x00000000      0x16c ..\obj\stm32f10x_rcc.o
 .text.RCC_AHBPeriphClockCmd
                0x00000000       0x3c ..\obj\stm32f10x_rcc.o
 .text.RCC_APB2PeriphResetCmd
                0x00000000       0x3c ..\obj\stm32f10x_rcc.o
 .text.RCC_APB1PeriphResetCmd
                0x00000000       0x3c ..\obj\stm32f10x_rcc.o
 .text.RCC_BackupResetCmd
                0x00000000       0x20 ..\obj\stm32f10x_rcc.o
 .text.RCC_ClockSecuritySystemCmd
                0x00000000       0x20 ..\obj\stm32f10x_rcc.o
 .text.RCC_MCOConfig
                0x00000000       0x20 ..\obj\stm32f10x_rcc.o
 .text.RCC_ClearFlag
                0x00000000       0x1c ..\obj\stm32f10x_rcc.o
 .text.RCC_GetITStatus
                0x00000000       0x34 ..\obj\stm32f10x_rcc.o
 .text.RCC_ClearITPendingBit
                0x00000000       0x20 ..\obj\stm32f10x_rcc.o
 .text          0x00000000        0x0 ..\obj\hd44780.o
 .data          0x00000000        0x0 ..\obj\hd44780.o
 .bss           0x00000000        0x0 ..\obj\hd44780.o
 .text.DELAY    0x00000000       0x52 ..\obj\hd44780.o
 .rodata        0x00000000       0x40 ..\obj\hd44780.o
 .text.LCD_STROBE
                0x00000000       0x3c ..\obj\hd44780.o
 .text.HIGHBITS
                0x00000000       0xa8 ..\obj\hd44780.o
 .text.LOWBITS  0x00000000       0xa8 ..\obj\hd44780.o
 .text.lcd_cmd  0x00000000       0x36 ..\obj\hd44780.o
 .text.lcd_clrscr
                0x00000000       0x10 ..\obj\hd44780.o
 .text.lcd_return
                0x00000000       0x10 ..\obj\hd44780.o
 .text.lcd_goto
                0x00000000       0x62 ..\obj\hd44780.o
 .text.lcd_prints
                0x00000000      0x110 ..\obj\hd44780.o
 .text.lcd_putc
                0x00000000       0x38 ..\obj\hd44780.o
 .text.lcd_load
                0x00000000       0x44 ..\obj\hd44780.o
 .text.lcd_drawchar
                0x00000000       0x40 ..\obj\hd44780.o
 .text.lcd_backspace
                0x00000000       0x1e ..\obj\hd44780.o
 .text.lcd_scroll
                0x00000000       0x30 ..\obj\hd44780.o
 .text.cursor_shift
                0x00000000       0x30 ..\obj\hd44780.o
 .text.lcd_itostr
                0x00000000       0xac ..\obj\hd44780.o
 .text.lcd_numTOstr
                0x00000000       0xd8 ..\obj\hd44780.o
 .text.lcd_config
                0x00000000       0x3a ..\obj\hd44780.o
 .text.InitGPIO
                0x00000000       0x34 ..\obj\hd44780.o
 .text.EnablePort
                0x00000000       0x80 ..\obj\hd44780.o
 .text.lcd_init
                0x00000000       0x94 ..\obj\hd44780.o
 .debug_info    0x00000000      0x706 ..\obj\hd44780.o
 .debug_abbrev  0x00000000      0x28e ..\obj\hd44780.o
 .debug_aranges
                0x00000000       0xc0 ..\obj\hd44780.o
 .debug_ranges  0x00000000       0xb0 ..\obj\hd44780.o
 .debug_line    0x00000000      0x66c ..\obj\hd44780.o
 .debug_str     0x00000000      0x506 ..\obj\hd44780.o
 .comment       0x00000000       0x7a ..\obj\hd44780.o
 .debug_frame   0x00000000      0x2f8 ..\obj\hd44780.o
 .ARM.attributes
                0x00000000       0x2d ..\obj\hd44780.o
 .text          0x00000000        0x0 ..\obj\stm32f10x_exti.o
 .data          0x00000000        0x0 ..\obj\stm32f10x_exti.o
 .bss           0x00000000        0x0 ..\obj\stm32f10x_exti.o
 .text.EXTI_DeInit
                0x00000000       0x34 ..\obj\stm32f10x_exti.o
 .text.EXTI_StructInit
                0x00000000       0x2a ..\obj\stm32f10x_exti.o
 .text.EXTI_GenerateSWInterrupt
                0x00000000       0x24 ..\obj\stm32f10x_exti.o
 .text.EXTI_GetFlagStatus
                0x00000000       0x34 ..\obj\stm32f10x_exti.o
 .text.EXTI_ClearFlag
                0x00000000       0x1c ..\obj\stm32f10x_exti.o
 .text          0x00000000        0x0 ..\obj\stm32f10x_usart.o
 .data          0x00000000        0x0 ..\obj\stm32f10x_usart.o
 .bss           0x00000000        0x0 ..\obj\stm32f10x_usart.o
 .text.USART_DeInit
                0x00000000       0xb8 ..\obj\stm32f10x_usart.o
 .text.USART_Init
                0x00000000      0x174 ..\obj\stm32f10x_usart.o
 .text.USART_StructInit
                0x00000000       0x38 ..\obj\stm32f10x_usart.o
 .text.USART_ClockInit
                0x00000000       0x56 ..\obj\stm32f10x_usart.o
 .text.USART_ClockStructInit
                0x00000000       0x2a ..\obj\stm32f10x_usart.o
 .text.USART_Cmd
                0x00000000       0x3e ..\obj\stm32f10x_usart.o
 .text.USART_ITConfig
                0x00000000       0x8e ..\obj\stm32f10x_usart.o
 .text.USART_DMACmd
                0x00000000       0x46 ..\obj\stm32f10x_usart.o
 .text.USART_SetAddress
                0x00000000       0x38 ..\obj\stm32f10x_usart.o
 .text.USART_WakeUpConfig
                0x00000000       0x36 ..\obj\stm32f10x_usart.o
 .text.USART_ReceiverWakeUpCmd
                0x00000000       0x3e ..\obj\stm32f10x_usart.o
 .text.USART_LINBreakDetectLengthConfig
                0x00000000       0x36 ..\obj\stm32f10x_usart.o
 .text.USART_LINCmd
                0x00000000       0x3e ..\obj\stm32f10x_usart.o
 .text.USART_SendData
                0x00000000       0x22 ..\obj\stm32f10x_usart.o
 .text.USART_ReceiveData
                0x00000000       0x1e ..\obj\stm32f10x_usart.o
 .text.USART_SendBreak
                0x00000000       0x22 ..\obj\stm32f10x_usart.o
 .text.USART_SetGuardTime
                0x00000000       0x3a ..\obj\stm32f10x_usart.o
 .text.USART_SetPrescaler
                0x00000000       0x38 ..\obj\stm32f10x_usart.o
 .text.USART_SmartCardCmd
                0x00000000       0x3e ..\obj\stm32f10x_usart.o
 .text.USART_SmartCardNACKCmd
                0x00000000       0x3e ..\obj\stm32f10x_usart.o
 .text.USART_HalfDuplexCmd
                0x00000000       0x3e ..\obj\stm32f10x_usart.o
 .text.USART_OverSampling8Cmd
                0x00000000       0x42 ..\obj\stm32f10x_usart.o
 .text.USART_OneBitMethodCmd
                0x00000000       0x3e ..\obj\stm32f10x_usart.o
 .text.USART_IrDAConfig
                0x00000000       0x36 ..\obj\stm32f10x_usart.o
 .text.USART_IrDACmd
                0x00000000       0x3e ..\obj\stm32f10x_usart.o
 .text.USART_GetFlagStatus
                0x00000000       0x36 ..\obj\stm32f10x_usart.o
 .text.USART_ClearFlag
                0x00000000       0x20 ..\obj\stm32f10x_usart.o
 .text.USART_GetITStatus
                0x00000000       0xb4 ..\obj\stm32f10x_usart.o
 .text.USART_ClearITPendingBit
                0x00000000       0x38 ..\obj\stm32f10x_usart.o
 .debug_info    0x00000000      0xa91 ..\obj\stm32f10x_usart.o
 .debug_abbrev  0x00000000      0x1b7 ..\obj\stm32f10x_usart.o
 .debug_aranges
                0x00000000      0x100 ..\obj\stm32f10x_usart.o
 .debug_ranges  0x00000000       0xf0 ..\obj\stm32f10x_usart.o
 .debug_line    0x00000000      0x71c ..\obj\stm32f10x_usart.o
 .debug_str     0x00000000      0x6df ..\obj\stm32f10x_usart.o
 .comment       0x00000000       0x7a ..\obj\stm32f10x_usart.o
 .debug_frame   0x00000000      0x490 ..\obj\stm32f10x_usart.o
 .ARM.attributes
                0x00000000       0x2d ..\obj\stm32f10x_usart.o
 .text          0x00000000        0x0 ..\obj\usb_sil.o
 .data          0x00000000        0x0 ..\obj\usb_sil.o
 .bss           0x00000000        0x0 ..\obj\usb_sil.o
 .text.USB_SIL_Write
                0x00000000       0x4a ..\obj\usb_sil.o
 .text.USB_SIL_Read
                0x00000000       0x4a ..\obj\usb_sil.o
 .data          0x00000000        0x0 ..\obj\sh_cmd.o
 .bss           0x00000000        0x0 ..\obj\sh_cmd.o
 .text          0x00000000        0x0 ..\obj\syscalls.o
 .data          0x00000000        0x0 ..\obj\syscalls.o
 .bss           0x00000000        0x4 ..\obj\syscalls.o
 .text._sbrk    0x00000000       0x3c ..\obj\syscalls.o
 .text.link     0x00000000       0x18 ..\obj\syscalls.o
 .text._close   0x00000000       0x16 ..\obj\syscalls.o
 .text._fstat   0x00000000       0x1e ..\obj\syscalls.o
 .text._isatty  0x00000000       0x14 ..\obj\syscalls.o
 .text._lseek   0x00000000       0x18 ..\obj\syscalls.o
 .text._read    0x00000000       0x18 ..\obj\syscalls.o
 .text._write   0x00000000       0x18 ..\obj\syscalls.o
 .text.abort    0x00000000        0x6 ..\obj\syscalls.o
 .debug_info    0x00000000      0xd60 ..\obj\syscalls.o
 .debug_abbrev  0x00000000      0x23f ..\obj\syscalls.o
 .debug_aranges
                0x00000000       0x60 ..\obj\syscalls.o
 .debug_ranges  0x00000000       0x50 ..\obj\syscalls.o
 .debug_line    0x00000000      0x313 ..\obj\syscalls.o
 .debug_str     0x00000000      0x723 ..\obj\syscalls.o
 .comment       0x00000000       0x7a ..\obj\syscalls.o
 .debug_frame   0x00000000      0x168 ..\obj\syscalls.o
 .ARM.attributes
                0x00000000       0x2d ..\obj\syscalls.o
 .text          0x00000000        0x0 ..\obj\stm32_it.o
 .data          0x00000000        0x0 ..\obj\stm32_it.o
 .bss           0x00000000        0x0 ..\obj\stm32_it.o
 .text.HardFault_Handler2
                0x00000000        0x6 ..\obj\stm32_it.o
 .text          0x00000000        0x0 ..\obj\Serial.o
 .data          0x00000000        0x0 ..\obj\Serial.o
 .bss           0x00000000        0x0 ..\obj\Serial.o
 .text.SER_init
                0x00000000       0x8c ..\obj\Serial.o
 .text.sendchar
                0x00000000       0x38 ..\obj\Serial.o
 .text.getkey   0x00000000       0x28 ..\obj\Serial.o
 .debug_info    0x00000000      0x34f ..\obj\Serial.o
 .debug_abbrev  0x00000000      0x140 ..\obj\Serial.o
 .debug_aranges
                0x00000000       0x30 ..\obj\Serial.o
 .debug_ranges  0x00000000       0x20 ..\obj\Serial.o
 .debug_line    0x00000000      0x277 ..\obj\Serial.o
 .debug_str     0x00000000      0x29f ..\obj\Serial.o
 .comment       0x00000000       0x7a ..\obj\Serial.o
 .debug_frame   0x00000000       0x80 ..\obj\Serial.o
 .ARM.attributes
                0x00000000       0x2d ..\obj\Serial.o
 .text          0x00000000        0x0 ..\obj\usb_endp.o
 .data          0x00000000        0x0 ..\obj\usb_endp.o
 .bss           0x00000000        0x0 ..\obj\usb_endp.o
 .text          0x00000000        0x0 ..\obj\misc.o
 .data          0x00000000        0x0 ..\obj\misc.o
 .bss           0x00000000        0x0 ..\obj\misc.o
 .text.NVIC_SetVectorTable
                0x00000000       0x2c ..\obj\misc.o
 .text.NVIC_SystemLPConfig
                0x00000000       0x40 ..\obj\misc.o
 .text.SysTick_CLKSourceConfig
                0x00000000       0x38 ..\obj\misc.o
 .text          0x00000000        0x0 ..\obj\usb_mem.o
 .data          0x00000000        0x0 ..\obj\usb_mem.o
 .bss           0x00000000        0x0 ..\obj\usb_mem.o
 .text          0x00000000        0x0 ..\obj\usb_istr.o
 .text          0x00000000        0x0 c:/program files (x86)/gnu tools arm embedded/9 2019-q4-major/bin/../lib/gcc/arm-none-eabi/9.2.1/../../../../arm-none-eabi/lib/thumb/v7-m/nofp\libg.a(lib_a-rand.o)
 .data          0x00000000        0x0 c:/program files (x86)/gnu tools arm embedded/9 2019-q4-major/bin/../lib/gcc/arm-none-eabi/9.2.1/../../../../arm-none-eabi/lib/thumb/v7-m/nofp\libg.a(lib_a-rand.o)
 .bss           0x00000000        0x0 c:/program files (x86)/gnu tools arm embedded/9 2019-q4-major/bin/../lib/gcc/arm-none-eabi/9.2.1/../../../../arm-none-eabi/lib/thumb/v7-m/nofp\libg.a(lib_a-rand.o)
 .text          0x00000000        0x0 c:/program files (x86)/gnu tools arm embedded/9 2019-q4-major/bin/../lib/gcc/arm-none-eabi/9.2.1/../../../../arm-none-eabi/lib/thumb/v7-m/nofp\libg.a(lib_a-strncmp.o)
 .data          0x00000000        0x0 c:/program files (x86)/gnu tools arm embedded/9 2019-q4-major/bin/../lib/gcc/arm-none-eabi/9.2.1/../../../../arm-none-eabi/lib/thumb/v7-m/nofp\libg.a(lib_a-strncmp.o)
 .bss           0x00000000        0x0 c:/program files (x86)/gnu tools arm embedded/9 2019-q4-major/bin/../lib/gcc/arm-none-eabi/9.2.1/../../../../arm-none-eabi/lib/thumb/v7-m/nofp\libg.a(lib_a-strncmp.o)

Memory Configuration

Name             Origin             Length             Attributes
rom              0x08000000         0x00010000         xr
ram              0x20000000         0x00005000         xrw
*default*        0x00000000         0xffffffff

Linker script and memory map

                0x20005000                _eram = 0x20005000

.text           0x08000000     0x4c3a
 *(.isr_vector)
 .isr_vector    0x08000000      0x10c ..\obj\startup_stm32f10x_md.o
                0x08000000                g_pfnVectors
 *(.text*)
 .text.RTC_ITConfig
                0x0800010c       0x4c ..\obj\stm32f10x_rtc.o
                0x0800010c                RTC_ITConfig
 .text.RTC_EnterConfigMode
                0x08000158       0x20 ..\obj\stm32f10x_rtc.o
                0x08000158                RTC_EnterConfigMode
 .text.RTC_ExitConfigMode
                0x08000178       0x20 ..\obj\stm32f10x_rtc.o
                0x08000178                RTC_ExitConfigMode
 .text.RTC_GetCounter
                0x08000198       0x2c ..\obj\stm32f10x_rtc.o
                0x08000198                RTC_GetCounter
 .text.RTC_SetPrescaler
                0x080001c4       0x34 ..\obj\stm32f10x_rtc.o
                0x080001c4                RTC_SetPrescaler
 .text.RTC_WaitForLastTask
                0x080001f8       0x24 ..\obj\stm32f10x_rtc.o
                0x080001f8                RTC_WaitForLastTask
 .text.RTC_WaitForSynchro
                0x0800021c       0x34 ..\obj\stm32f10x_rtc.o
                0x0800021c                RTC_WaitForSynchro
 .text.RTC_GetITStatus
                0x08000250       0x50 ..\obj\stm32f10x_rtc.o
                0x08000250                RTC_GetITStatus
 .text.RTC_ClearITPendingBit
                0x080002a0       0x2c ..\obj\stm32f10x_rtc.o
                0x080002a0                RTC_ClearITPendingBit
 .text.Standard_GetConfiguration
                0x080002cc       0x3c ..\obj\usb_core.o
                0x080002cc                Standard_GetConfiguration
 .text.Standard_SetConfiguration
                0x08000308       0x50 ..\obj\usb_core.o
                0x08000308                Standard_SetConfiguration
 .text.Standard_GetInterface
                0x08000358       0x3c ..\obj\usb_core.o
                0x08000358                Standard_GetInterface
 .text.Standard_SetInterface
                0x08000394       0x88 ..\obj\usb_core.o
                0x08000394                Standard_SetInterface
 .text.Standard_GetStatus
                0x0800041c      0x138 ..\obj\usb_core.o
                0x0800041c                Standard_GetStatus
 .text.Standard_ClearFeature
                0x08000554      0x1d8 ..\obj\usb_core.o
                0x08000554                Standard_ClearFeature
 .text.Standard_SetEndPointFeature
                0x0800072c      0x114 ..\obj\usb_core.o
                0x0800072c                Standard_SetEndPointFeature
 .text.Standard_SetDeviceFeature
                0x08000840       0x2c ..\obj\usb_core.o
                0x08000840                Standard_SetDeviceFeature
 .text.Standard_GetDescriptorData
                0x0800086c       0x48 ..\obj\usb_core.o
                0x0800086c                Standard_GetDescriptorData
 .text.DataStageOut
                0x080008b4      0x104 ..\obj\usb_core.o
 .text.DataStageIn
                0x080009b8      0x10c ..\obj\usb_core.o
 .text.NoData_Setup0
                0x08000ac4      0x194 ..\obj\usb_core.o
 .text.Data_Setup0
                0x08000c58      0x32c ..\obj\usb_core.o
 .text.Setup0_Process
                0x08000f84       0xd8 ..\obj\usb_core.o
                0x08000f84                Setup0_Process
 .text.In0_Process
                0x0800105c       0x90 ..\obj\usb_core.o
                0x0800105c                In0_Process
 .text.Out0_Process
                0x080010ec       0x74 ..\obj\usb_core.o
                0x080010ec                Out0_Process
 .text.Post0_Process
                0x08001160       0x50 ..\obj\usb_core.o
                0x08001160                Post0_Process
 .text.SetDeviceAddress
                0x080011b0       0x7c ..\obj\usb_core.o
                0x080011b0                SetDeviceAddress
 .text.NOP_Process
                0x0800122c        0xc ..\obj\usb_core.o
                0x0800122c                NOP_Process
 .text.TIM_TimeBaseInit
                0x08001238       0xf8 ..\obj\stm32f10x_tim.o
                0x08001238                TIM_TimeBaseInit
 .text.TIM_OC1Init
                0x08001330      0x118 ..\obj\stm32f10x_tim.o
                0x08001330                TIM_OC1Init
 .text.TIM_OC2Init
                0x08001448      0x110 ..\obj\stm32f10x_tim.o
                0x08001448                TIM_OC2Init
 .text.TIM_OC3Init
                0x08001558      0x10c ..\obj\stm32f10x_tim.o
                0x08001558                TIM_OC3Init
 .text.TIM_OC4Init
                0x08001664       0xd0 ..\obj\stm32f10x_tim.o
                0x08001664                TIM_OC4Init
 .text.TIM_Cmd  0x08001734       0x3e ..\obj\stm32f10x_tim.o
                0x08001734                TIM_Cmd
 .text.TIM_ARRPreloadConfig
                0x08001772       0x3e ..\obj\stm32f10x_tim.o
                0x08001772                TIM_ARRPreloadConfig
 .text.TIM_OC1PreloadConfig
                0x080017b0       0x36 ..\obj\stm32f10x_tim.o
                0x080017b0                TIM_OC1PreloadConfig
 .text.TIM_OC2PreloadConfig
                0x080017e6       0x3a ..\obj\stm32f10x_tim.o
                0x080017e6                TIM_OC2PreloadConfig
 .text.TIM_OC3PreloadConfig
                0x08001820       0x36 ..\obj\stm32f10x_tim.o
                0x08001820                TIM_OC3PreloadConfig
 .text.TIM_OC4PreloadConfig
                0x08001856       0x3a ..\obj\stm32f10x_tim.o
                0x08001856                TIM_OC4PreloadConfig
 .text.TIM_SetCompare1
                0x08001890       0x1c ..\obj\stm32f10x_tim.o
                0x08001890                TIM_SetCompare1
 .text.TIM_SetCompare2
                0x080018ac       0x1c ..\obj\stm32f10x_tim.o
                0x080018ac                TIM_SetCompare2
 .text.TIM_SetCompare3
                0x080018c8       0x1c ..\obj\stm32f10x_tim.o
                0x080018c8                TIM_SetCompare3
 .text.TIM_SetCompare4
                0x080018e4       0x1e ..\obj\stm32f10x_tim.o
                0x080018e4                TIM_SetCompare4
 *fill*         0x08001902        0x2 
 .text.CTR_LP   0x08001904      0x300 ..\obj\usb_int.o
                0x08001904                CTR_LP
 .text.SystemInit
                0x08001c04       0x68 ..\obj\system_stm32f10x.o
                0x08001c04                SystemInit
 .text.SetSysClock
                0x08001c6c        0xc ..\obj\system_stm32f10x.o
 .text.SetSysClockTo72
                0x08001c78      0x100 ..\obj\system_stm32f10x.o
 .text.SetBTABLE
                0x08001d78       0x24 ..\obj\usb_regs.o
                0x08001d78                SetBTABLE
 .text.SetEPType
                0x08001d9c       0x4c ..\obj\usb_regs.o
                0x08001d9c                SetEPType
 .text.SetEPTxStatus
                0x08001de8       0x70 ..\obj\usb_regs.o
                0x08001de8                SetEPTxStatus
 .text.SetEPRxStatus
                0x08001e58       0x70 ..\obj\usb_regs.o
                0x08001e58                SetEPRxStatus
 .text.SetEPTxValid
                0x08001ec8       0x54 ..\obj\usb_regs.o
                0x08001ec8                SetEPTxValid
 .text.SetEPRxValid
                0x08001f1c       0x54 ..\obj\usb_regs.o
                0x08001f1c                SetEPRxValid
 .text.Clear_Status_Out
                0x08001f70       0x48 ..\obj\usb_regs.o
                0x08001f70                Clear_Status_Out
 .text.ClearDTOG_RX
                0x08001fb8       0x5a ..\obj\usb_regs.o
                0x08001fb8                ClearDTOG_RX
 .text.ClearDTOG_TX
                0x08002012       0x5a ..\obj\usb_regs.o
                0x08002012                ClearDTOG_TX
 .text.SetEPTxAddr
                0x0800206c       0x40 ..\obj\usb_regs.o
                0x0800206c                SetEPTxAddr
 .text.SetEPRxAddr
                0x080020ac       0x44 ..\obj\usb_regs.o
                0x080020ac                SetEPRxAddr
 .text.GetEPTxAddr
                0x080020f0       0x34 ..\obj\usb_regs.o
                0x080020f0                GetEPTxAddr
 .text.GetEPRxAddr
                0x08002124       0x34 ..\obj\usb_regs.o
                0x08002124                GetEPRxAddr
 .text.SetEPTxCount
                0x08002158       0x3c ..\obj\usb_regs.o
                0x08002158                SetEPTxCount
 .text.SetEPRxCount
                0x08002194       0x84 ..\obj\usb_regs.o
                0x08002194                SetEPRxCount
 .text.GetEPRxCount
                0x08002218       0x3c ..\obj\usb_regs.o
                0x08002218                GetEPRxCount
 .text.ByteSwap
                0x08002254       0x2e ..\obj\usb_regs.o
                0x08002254                ByteSwap
 *fill*         0x08002282        0x2 
 .text.Default_Reset_Handler
                0x08002284       0x60 ..\obj\startup_stm32f10x_md.o
                0x08002284                Default_Reset_Handler
                0x08002284                Reset_Handler
 .text.Default_Handler
                0x080022e4        0x6 ..\obj\startup_stm32f10x_md.o
                0x080022e4                EXTI2_IRQHandler
                0x080022e4                TIM1_CC_IRQHandler
                0x080022e4                PVD_IRQHandler
                0x080022e4                EXTI3_IRQHandler
                0x080022e4                EXTI0_IRQHandler
                0x080022e4                I2C2_EV_IRQHandler
                0x080022e4                ADC1_2_IRQHandler
                0x080022e4                SPI1_IRQHandler
                0x080022e4                TAMPER_IRQHandler
                0x080022e4                DMA1_Channel4_IRQHandler
                0x080022e4                USART3_IRQHandler
                0x080022e4                DMA1_Channel7_IRQHandler
                0x080022e4                CAN1_RX1_IRQHandler
                0x080022e4                TIM4_IRQHandler
                0x080022e4                I2C1_EV_IRQHandler
                0x080022e4                DMA1_Channel6_IRQHandler
                0x080022e4                TIM3_IRQHandler
                0x080022e4                RCC_IRQHandler
                0x080022e4                TIM1_TRG_COM_IRQHandler
                0x080022e4                DMA1_Channel1_IRQHandler
                0x080022e4                EXTI9_5_IRQHandler
                0x080022e4                SPI2_IRQHandler
                0x080022e4                DMA1_Channel5_IRQHandler
                0x080022e4                EXTI4_IRQHandler
                0x080022e4                USB_HP_CAN1_TX_IRQHandler
                0x080022e4                DMA1_Channel3_IRQHandler
                0x080022e4                TIM1_UP_IRQHandler
                0x080022e4                WWDG_IRQHandler
                0x080022e4                TIM2_IRQHandler
                0x080022e4                TIM1_BRK_IRQHandler
                0x080022e4                EXTI1_IRQHandler
                0x080022e4                RTCAlarm_IRQHandler
                0x080022e4                USART2_IRQHandler
                0x080022e4                I2C2_ER_IRQHandler
                0x080022e4                DMA1_Channel2_IRQHandler
                0x080022e4                CAN1_SCE_IRQHandler
                0x080022e4                FLASH_IRQHandler
                0x080022e4                I2C1_ER_IRQHandler
 *fill*         0x080022ea        0x2 
 .text.PWR_BackupAccessCmd
                0x080022ec       0x20 ..\obj\stm32f10x_pwr.o
                0x080022ec                PWR_BackupAccessCmd
 .text.Set_System
                0x0800230c       0x58 ..\obj\hw_config.o
                0x0800230c                Set_System
 .text.Set_USBClock
                0x08002364       0x18 ..\obj\hw_config.o
                0x08002364                Set_USBClock
 .text.Leave_LowPowerMode
                0x0800237c       0x34 ..\obj\hw_config.o
                0x0800237c                Leave_LowPowerMode
 .text.USB_Interrupts_Config
                0x080023b0       0x3e ..\obj\hw_config.o
                0x080023b0                USB_Interrupts_Config
 *fill*         0x080023ee        0x2 
 .text.USB_Cable_Config
                0x080023f0       0x34 ..\obj\hw_config.o
                0x080023f0                USB_Cable_Config
 .text.Get_SerialNum
                0x08002424       0x58 ..\obj\hw_config.o
                0x08002424                Get_SerialNum
 .text.IntToUnicode
                0x0800247c       0x7c ..\obj\hw_config.o
 .text.CDC_Send_DATA
                0x080024f8       0x4c ..\obj\hw_config.o
                0x080024f8                CDC_Send_DATA
 .text.GPIO_Init
                0x08002544      0x178 ..\obj\stm32f10x_gpio.o
                0x08002544                GPIO_Init
 .text.GPIO_SetBits
                0x080026bc       0x1c ..\obj\stm32f10x_gpio.o
                0x080026bc                GPIO_SetBits
 .text.GPIO_ResetBits
                0x080026d8       0x1c ..\obj\stm32f10x_gpio.o
                0x080026d8                GPIO_ResetBits
 .text.GPIO_PinRemapConfig
                0x080026f4       0xe0 ..\obj\stm32f10x_gpio.o
                0x080026f4                GPIO_PinRemapConfig
 .text.GPIO_EXTILineConfig
                0x080027d4       0x80 ..\obj\stm32f10x_gpio.o
                0x080027d4                GPIO_EXTILineConfig
 .text.Virtual_Com_Port_init
                0x08002854       0x2c ..\obj\usb_prop.o
                0x08002854                Virtual_Com_Port_init
 .text.Virtual_Com_Port_Reset
                0x08002880       0xf4 ..\obj\usb_prop.o
                0x08002880                Virtual_Com_Port_Reset
 .text.Virtual_Com_Port_SetConfiguration
                0x08002974       0x2c ..\obj\usb_prop.o
                0x08002974                Virtual_Com_Port_SetConfiguration
 .text.Virtual_Com_Port_SetDeviceAddress
                0x080029a0       0x18 ..\obj\usb_prop.o
                0x080029a0                Virtual_Com_Port_SetDeviceAddress
 .text.Virtual_Com_Port_Status_In
                0x080029b8       0x20 ..\obj\usb_prop.o
                0x080029b8                Virtual_Com_Port_Status_In
 .text.Virtual_Com_Port_Status_Out
                0x080029d8        0xc ..\obj\usb_prop.o
                0x080029d8                Virtual_Com_Port_Status_Out
 .text.Virtual_Com_Port_Data_Setup
                0x080029e4       0x80 ..\obj\usb_prop.o
                0x080029e4                Virtual_Com_Port_Data_Setup
 .text.Virtual_Com_Port_NoData_Setup
                0x08002a64       0x3c ..\obj\usb_prop.o
                0x08002a64                Virtual_Com_Port_NoData_Setup
 .text.Virtual_Com_Port_GetDeviceDescriptor
                0x08002aa0       0x24 ..\obj\usb_prop.o
                0x08002aa0                Virtual_Com_Port_GetDeviceDescriptor
 .text.Virtual_Com_Port_GetConfigDescriptor
                0x08002ac4       0x24 ..\obj\usb_prop.o
                0x08002ac4                Virtual_Com_Port_GetConfigDescriptor
 .text.Virtual_Com_Port_GetStringDescriptor
                0x08002ae8       0x40 ..\obj\usb_prop.o
                0x08002ae8                Virtual_Com_Port_GetStringDescriptor
 .text.Virtual_Com_Port_Get_Interface_Setting
                0x08002b28       0x30 ..\obj\usb_prop.o
                0x08002b28                Virtual_Com_Port_Get_Interface_Setting
 .text.Virtual_Com_Port_GetLineCoding
                0x08002b58       0x30 ..\obj\usb_prop.o
                0x08002b58                Virtual_Com_Port_GetLineCoding
 .text.Virtual_Com_Port_SetLineCoding
                0x08002b88       0x30 ..\obj\usb_prop.o
                0x08002b88                Virtual_Com_Port_SetLineCoding
 .text.PowerOn  0x08002bb8       0x50 ..\obj\usb_pwr.o
                0x08002bb8                PowerOn
 .text.Suspend  0x08002c08      0x16c ..\obj\usb_pwr.o
                0x08002c08                Suspend
 .text.Resume_Init
                0x08002d74       0x34 ..\obj\usb_pwr.o
                0x08002d74                Resume_Init
 .text.Resume   0x08002da8      0x11c ..\obj\usb_pwr.o
                0x08002da8                Resume
 .text.USB_Init
                0x08002ec4       0x44 ..\obj\usb_init.o
                0x08002ec4                USB_Init
 .text.NVIC_EnableIRQ
                0x08002f08       0x30 ..\obj\main.o
 .text.delay_init
                0x08002f38       0x38 ..\obj\main.o
                0x08002f38                delay_init
 .text.delay_ms
                0x08002f70       0x50 ..\obj\main.o
                0x08002f70                delay_ms
 .text.USART1_Send
                0x08002fc0       0x30 ..\obj\main.o
                0x08002fc0                USART1_Send
 .text.USART1_Send_String
                0x08002ff0       0x38 ..\obj\main.o
                0x08002ff0                USART1_Send_String
 .text.USART_init
                0x08003028       0x84 ..\obj\main.o
                0x08003028                USART_init
 .text.processCommand
                0x080030ac      0x1f8 ..\obj\main.o
                0x080030ac                processCommand
 .text.USART1_IRQHandler
                0x080032a4       0x88 ..\obj\main.o
                0x080032a4                USART1_IRQHandler
 .text.PWM_init
                0x0800332c      0x20c ..\obj\main.o
                0x0800332c                PWM_init
 .text.SetPWM   0x08003538       0x36 ..\obj\main.o
                0x08003538                SetPWM
 *fill*         0x0800356e        0x2 
 .text.LEDoff   0x08003570      0x338 ..\obj\main.o
                0x08003570                LEDoff
 .text.LEDon    0x080038a8      0x338 ..\obj\main.o
                0x080038a8                LEDon
 .text.LED      0x08003be0       0xc4 ..\obj\main.o
                0x08003be0                LED
 .text.Button_init
                0x08003ca4       0x84 ..\obj\main.o
                0x08003ca4                Button_init
 .text.EXTI15_10_IRQHandler
                0x08003d28       0x80 ..\obj\main.o
                0x08003d28                EXTI15_10_IRQHandler
 .text.USB_init_func
                0x08003da8       0x18 ..\obj\main.o
                0x08003da8                USB_init_func
 .text.processCommandUSB
                0x08003dc0      0x250 ..\obj\main.o
                0x08003dc0                processCommandUSB
 .text.USB_IRQhandler
                0x08004010       0x68 ..\obj\main.o
                0x08004010                USB_IRQhandler
 .text.RTC_Init
                0x08004078       0x80 ..\obj\main.o
                0x08004078                RTC_Init
 .text.RTC_IRQHandler
                0x080040f8       0x1e ..\obj\main.o
                0x080040f8                RTC_IRQHandler
 *fill*         0x08004116        0x2 
 .text.main     0x08004118       0x34 ..\obj\main.o
                0x08004118                main
 .text.RCC_USBCLKConfig
                0x0800414c       0x1c ..\obj\stm32f10x_rcc.o
                0x0800414c                RCC_USBCLKConfig
 .text.RCC_LSICmd
                0x08004168       0x20 ..\obj\stm32f10x_rcc.o
                0x08004168                RCC_LSICmd
 .text.RCC_RTCCLKConfig
                0x08004188       0x24 ..\obj\stm32f10x_rcc.o
                0x08004188                RCC_RTCCLKConfig
 .text.RCC_RTCCLKCmd
                0x080041ac       0x20 ..\obj\stm32f10x_rcc.o
                0x080041ac                RCC_RTCCLKCmd
 .text.RCC_APB2PeriphClockCmd
                0x080041cc       0x3c ..\obj\stm32f10x_rcc.o
                0x080041cc                RCC_APB2PeriphClockCmd
 .text.RCC_APB1PeriphClockCmd
                0x08004208       0x3c ..\obj\stm32f10x_rcc.o
                0x08004208                RCC_APB1PeriphClockCmd
 .text.RCC_GetFlagStatus
                0x08004244       0x74 ..\obj\stm32f10x_rcc.o
                0x08004244                RCC_GetFlagStatus
 .text.EXTI_Init
                0x080042b8       0xe4 ..\obj\stm32f10x_exti.o
                0x080042b8                EXTI_Init
 .text.EXTI_GetITStatus
                0x0800439c       0x48 ..\obj\stm32f10x_exti.o
                0x0800439c                EXTI_GetITStatus
 .text.EXTI_ClearITPendingBit
                0x080043e4       0x1c ..\obj\stm32f10x_exti.o
                0x080043e4                EXTI_ClearITPendingBit
 .text.USB_SIL_Init
                0x08004400       0x30 ..\obj\usb_sil.o
                0x08004400                USB_SIL_Init
 .text          0x08004430       0x26 ..\obj\sh_cmd.o
                0x08004430                SH_DoCommand
                0x08004442                HardFault_Handler
 .text.NMI_Handler
                0x08004456        0xc ..\obj\stm32_it.o
                0x08004456                NMI_Handler
 .text.MemManage_Handler
                0x08004462        0x6 ..\obj\stm32_it.o
                0x08004462                MemManage_Handler
 .text.BusFault_Handler
                0x08004468        0x6 ..\obj\stm32_it.o
                0x08004468                BusFault_Handler
 .text.UsageFault_Handler
                0x0800446e        0x6 ..\obj\stm32_it.o
                0x0800446e                UsageFault_Handler
 .text.SVC_Handler
                0x08004474        0xc ..\obj\stm32_it.o
                0x08004474                SVC_Handler
 .text.DebugMon_Handler
                0x08004480        0xc ..\obj\stm32_it.o
                0x08004480                DebugMon_Handler
 .text.PendSV_Handler
                0x0800448c        0xc ..\obj\stm32_it.o
                0x0800448c                PendSV_Handler
 .text.SysTick_Handler
                0x08004498        0xc ..\obj\stm32_it.o
                0x08004498                SysTick_Handler
 .text.USB_LP_CAN1_RX0_IRQHandler
                0x080044a4        0xc ..\obj\stm32_it.o
                0x080044a4                USB_LP_CAN1_RX0_IRQHandler
 .text.USBWakeUp_IRQHandler
                0x080044b0       0x10 ..\obj\stm32_it.o
                0x080044b0                USBWakeUp_IRQHandler
 .text.EP1_IN_Callback
                0x080044c0       0x18 ..\obj\usb_endp.o
                0x080044c0                EP1_IN_Callback
 .text.EP3_OUT_Callback
                0x080044d8       0x50 ..\obj\usb_endp.o
                0x080044d8                EP3_OUT_Callback
 .text.NVIC_PriorityGroupConfig
                0x08004528       0x24 ..\obj\misc.o
                0x08004528                NVIC_PriorityGroupConfig
 .text.NVIC_Init
                0x0800454c       0xc4 ..\obj\misc.o
                0x0800454c                NVIC_Init
 .text.UserToPMABufferCopy
                0x08004610       0x76 ..\obj\usb_mem.o
                0x08004610                UserToPMABufferCopy
 .text.PMAToUserBufferCopy
                0x08004686       0x5c ..\obj\usb_mem.o
                0x08004686                PMAToUserBufferCopy
 *fill*         0x080046e2        0x2 
 .text.USB_Istr
                0x080046e4      0x224 ..\obj\usb_istr.o
                0x080046e4                USB_Istr
 .text.srand    0x08004908       0x10 c:/program files (x86)/gnu tools arm embedded/9 2019-q4-major/bin/../lib/gcc/arm-none-eabi/9.2.1/../../../../arm-none-eabi/lib/thumb/v7-m/nofp\libg.a(lib_a-rand.o)
                0x08004908                srand
 .text.rand     0x08004918       0x3c c:/program files (x86)/gnu tools arm embedded/9 2019-q4-major/bin/../lib/gcc/arm-none-eabi/9.2.1/../../../../arm-none-eabi/lib/thumb/v7-m/nofp\libg.a(lib_a-rand.o)
                0x08004918                rand
 .text.strncmp  0x08004954       0x7c c:/program files (x86)/gnu tools arm embedded/9 2019-q4-major/bin/../lib/gcc/arm-none-eabi/9.2.1/../../../../arm-none-eabi/lib/thumb/v7-m/nofp\libg.a(lib_a-strncmp.o)
                0x08004954                strncmp
 *(.init)
 *(.fini)
 *crtbegin.o(.ctors)
 *crtbegin?.o(.ctors)
 *(EXCLUDE_FILE(*crtend.o *crtend?.o) .ctors)
 *(SORT_BY_NAME(.ctors.*))
 *(.ctors)
 *crtbegin.o(.dtors)
 *crtbegin?.o(.dtors)
 *(EXCLUDE_FILE(*crtend.o *crtend?.o) .dtors)
 *(SORT_BY_NAME(.dtors.*))
 *(.dtors)
 *(.rodata*)
 .rodata        0x080049d0       0xb6 ..\obj\usb_desc.o
                0x080049d0                Virtual_Com_Port_DeviceDescriptor
                0x080049e4                Virtual_Com_Port_ConfigDescriptor
                0x08004a28                Virtual_Com_Port_StringLangID
                0x08004a2c                Virtual_Com_Port_StringVendor
                0x08004a54                Virtual_Com_Port_StringProduct
 *fill*         0x08004a86        0x2 
 .rodata        0x08004a88      0x1b2 ..\obj\main.o
 *(.eh_fram e*)

.glue_7         0x08004c3c        0x0
 .glue_7        0x08004c3c        0x0 linker stubs

.glue_7t        0x08004c3c        0x0
 .glue_7t       0x08004c3c        0x0 linker stubs

.vfp11_veneer   0x08004c3c        0x0
 .vfp11_veneer  0x08004c3c        0x0 linker stubs

.v4_bx          0x08004c3c        0x0
 .v4_bx         0x08004c3c        0x0 linker stubs

.iplt           0x08004c3c        0x0
 .iplt          0x08004c3c        0x0 ..\obj\stm32f10x_rtc.o

.rel.dyn        0x08004c3c        0x0
 .rel.iplt      0x08004c3c        0x0 ..\obj\stm32f10x_rtc.o

.ARM.extab
 *(.ARM.extab* .gnu.linkonce.armextab.*)
                0x08004c3a                __exidx_start = .

.ARM.exidx
 *(.ARM.exidx* .gnu.linkonce.armexidx.*)
                0x08004c3a                __exidx_end = .
                0x08004c3a                __etext = .
                0x08004c3a                _sidata = __etext

.data           0x20000000      0x5f4 load address 0x08004c3a
                0x20000000                __data_start__ = .
                0x20000000                _sdata = __data_start__
 *(vtable)
 *(.data*)
 .data          0x20000000       0x1a ..\obj\usb_desc.o
                0x20000000                Virtual_Com_Port_StringSerial
 *fill*         0x2000001a        0x2 
 .data          0x2000001c       0x90 ..\obj\usb_prop.o
                0x2000001c                linecoding
                0x20000024                Device_Table
                0x20000028                Device_Property
                0x20000058                User_Standard_Requests
                0x2000007c                Device_Descriptor
                0x20000084                Config_Descriptor
                0x2000008c                String_Descriptor
 .data          0x200000ac        0x1 ..\obj\usb_pwr.o
                0x200000ac                fSuspendEnabled
 *fill*         0x200000ad        0x3 
 .data          0x200000b0       0xdc ..\obj\main.o
                0x200000b0                standartColors
                0x20000178                colorsCount
                0x2000017c                packet_sent
                0x20000180                packet_receive
                0x20000184                ForCompare
                0x20000188                prevColor
 *fill*         0x2000018c        0x4 
 .data          0x20000190      0x42c ..\obj\printf.o
                0x20000190                r
                0x200005b8                _impure_ptr
 .data          0x200005bc       0x38 ..\obj\usb_istr.o
                0x200005bc                pEpInt_IN
                0x200005d8                pEpInt_OUT
                0x200005f4                . = ALIGN (0x4)
                [!provide]                PROVIDE (__preinit_array_start = .)
 *(.preinit_array)
                [!provide]                PROVIDE (__preinit_array_end = .)
                0x200005f4                . = ALIGN (0x4)
                [!provide]                PROVIDE (__init_array_start = .)
 *(SORT_BY_NAME(.init_array.*))
 *(.init_array)
                [!provide]                PROVIDE (__init_array_end = .)
                0x200005f4                . = ALIGN (0x4)
                [!provide]                PROVIDE (__fini_array_start = .)
 *(SORT_BY_NAME(.fini_array.*))
 *(.fini_array)
                [!provide]                PROVIDE (__fini_array_end = .)
 *(.jcr*)
                0x200005f4                . = ALIGN (0x4)
                0x200005f4                __data_end__ = .
                0x200005f4                _edata = __data_end__

.igot.plt       0x200005f4        0x0 load address 0x08005230
 .igot.plt      0x200005f4        0x0 ..\obj\stm32f10x_rtc.o

.bss            0x200005f4      0x304 load address 0x08005230
                0x200005f4                . = ALIGN (0x4)
                0x200005f4                __bss_start__ = .
                0x200005f4                _sbss = __bss_start__
 *(.bss*)
 .bss           0x200005f4        0x1 ..\obj\usb_core.o
                0x200005f4                Data_Mul_MaxPacketSize
 .bss           0x200005f5        0x1 ..\obj\usb_prop.o
                0x200005f5                Request
 *fill*         0x200005f6        0x2 
 .bss           0x200005f8        0x8 ..\obj\usb_pwr.o
                0x200005f8                bDeviceState
                0x200005fc                remotewakeupon
 .bss           0x20000600       0x10 ..\obj\main.o
                0x20000600                USART_colorsCount
                0x20000604                rec_len
                0x20000608                buff
                0x2000060c                USB_colorsCount
 .bss           0x20000610        0xc ..\obj\usb_istr.o
                0x20000610                bIntPackSOF
                0x20000614                esof_counter
                0x20000618                wCNTR
 *(COMMON)
 COMMON         0x2000061c        0x2 ..\obj\usb_core.o
                0x2000061c                StatusInfo
 COMMON         0x2000061e        0x4 ..\obj\usb_int.o
                0x2000061e                SaveRState
                0x20000620                SaveTState
 *fill*         0x20000622        0x2 
 COMMON         0x20000624       0x50 ..\obj\hw_config.o
                0x20000624                HSEStartUpStatus
                0x20000628                Receive_Buffer
                0x20000668                EXTI_InitStructure
                0x20000670                Send_length
 COMMON         0x20000674       0x24 ..\obj\usb_pwr.o
                0x20000674                ResumeS
                0x20000678                EP
 COMMON         0x20000698       0x32 ..\obj\usb_init.o
                0x20000698                SaveState
                0x2000069c                pProperty
                0x200006a0                EPindex
                0x200006a4                Device_Info
                0x200006c0                pUser_Standard_Requests
                0x200006c4                pInformation
                0x200006c8                wInterrupt_Mask
 *fill*         0x200006ca        0x2 
 COMMON         0x200006cc      0x222 ..\obj\main.o
                0x200006cc                usbReceived
                0x200006ec                USB_colors
                0x200007b4                USART_colors
                0x2000087c                Send_Buffer
                0x200008bc                received
 *fill*         0x200008ee        0x2 
 COMMON         0x200008f0        0x4 ..\obj\usb_endp.o
                0x200008f0                Receive_length
 COMMON         0x200008f4        0x2 ..\obj\usb_istr.o
                0x200008f4                wIstr
                0x200008f8                . = ALIGN (0x4)
 *fill*         0x200008f6        0x2 
                0x200008f8                __bss_end__ = .
                0x200008f8                _ebss = __bss_end__

.heap           0x200008f8        0x0
                0x200008f8                __end__ = .
                0x200008f8                _end = __end__
                0x200008f8                end = __end__
 *(.heap*)
                0x200008f8                __HeapLimit = .

.co_stack       0x200008f8      0x400 load address 0x08005534
                0x200008f8                . = ALIGN (0x8)
 *(.co_stack .co_stack.*)
 .co_stack      0x200008f8      0x400 ..\obj\startup_stm32f10x_md.o
                0x200008f8                pulStack
                0x20005000                __StackTop = (ORIGIN (ram) + LENGTH (ram))
                0x20004c00                __StackLimit = (__StackTop - SIZEOF (.co_stack))
                [!provide]                PROVIDE (__stack = __StackTop)
                0x00000001                ASSERT ((__StackLimit >= __HeapLimit), region ram  overflowed with stack)
LOAD ..\obj\stm32f10x_rtc.o
LOAD ..\obj\semihosting.o
LOAD ..\obj\usb_core.o
LOAD ..\obj\stm32f10x_tim.o
LOAD ..\obj\usb_int.o
LOAD ..\obj\system_stm32f10x.o
LOAD ..\obj\usb_desc.o
LOAD ..\obj\usb_regs.o
LOAD ..\obj\startup_stm32f10x_md.o
LOAD ..\obj\stm32f10x_pwr.o
LOAD ..\obj\hw_config.o
LOAD ..\obj\stm32f10x_gpio.o
LOAD ..\obj\usb_prop.o
LOAD ..\obj\usb_pwr.o
LOAD ..\obj\usb_init.o
LOAD ..\obj\main.o
LOAD ..\obj\printf.o
LOAD ..\obj\stm32f10x_rcc.o
LOAD ..\obj\hd44780.o
LOAD ..\obj\stm32f10x_exti.o
LOAD ..\obj\stm32f10x_usart.o
LOAD ..\obj\usb_sil.o
LOAD ..\obj\sh_cmd.o
LOAD ..\obj\syscalls.o
LOAD ..\obj\stm32_it.o
LOAD ..\obj\Serial.o
LOAD ..\obj\usb_endp.o
LOAD ..\obj\misc.o
LOAD ..\obj\usb_mem.o
LOAD ..\obj\usb_istr.o
START GROUP
LOAD c:/program files (x86)/gnu tools arm embedded/9 2019-q4-major/bin/../lib/gcc/arm-none-eabi/9.2.1/thumb/v7-m/nofp\libgcc.a
LOAD c:/program files (x86)/gnu tools arm embedded/9 2019-q4-major/bin/../lib/gcc/arm-none-eabi/9.2.1/../../../../arm-none-eabi/lib/thumb/v7-m/nofp\libg.a
LOAD c:/program files (x86)/gnu tools arm embedded/9 2019-q4-major/bin/../lib/gcc/arm-none-eabi/9.2.1/../../../../arm-none-eabi/lib/thumb/v7-m/nofp\libc.a
END GROUP
OUTPUT(idz.elf elf32-littlearm)

.debug_info     0x00000000     0xe130
 .debug_info    0x00000000      0x482 ..\obj\stm32f10x_rtc.o
 .debug_info    0x00000482      0xc75 ..\obj\usb_core.o
 .debug_info    0x000010f7     0x1e1e ..\obj\stm32f10x_tim.o
 .debug_info    0x00002f15      0x5e2 ..\obj\usb_int.o
 .debug_info    0x000034f7      0x4e0 ..\obj\system_stm32f10x.o
 .debug_info    0x000039d7      0x5fc ..\obj\usb_desc.o
 .debug_info    0x00003fd3     0x1133 ..\obj\usb_regs.o
 .debug_info    0x00005106      0x11b ..\obj\startup_stm32f10x_md.o
 .debug_info    0x00005221      0x4eb ..\obj\stm32f10x_pwr.o
 .debug_info    0x0000570c      0xc75 ..\obj\hw_config.o
 .debug_info    0x00006381      0x764 ..\obj\stm32f10x_gpio.o
 .debug_info    0x00006ae5      0x97b ..\obj\usb_prop.o
 .debug_info    0x00007460      0x95b ..\obj\usb_pwr.o
 .debug_info    0x00007dbb      0x55e ..\obj\usb_init.o
 .debug_info    0x00008319     0x1e74 ..\obj\main.o
 .debug_info    0x0000a18d      0xf51 ..\obj\printf.o
 .debug_info    0x0000b0de      0x929 ..\obj\stm32f10x_rcc.o
 .debug_info    0x0000ba07      0x38d ..\obj\stm32f10x_exti.o
 .debug_info    0x0000bd94      0x590 ..\obj\usb_sil.o
 .debug_info    0x0000c324       0x26 ..\obj\sh_cmd.o
 .debug_info    0x0000c34a      0x5b0 ..\obj\stm32_it.o
 .debug_info    0x0000c8fa      0x680 ..\obj\usb_endp.o
 .debug_info    0x0000cf7a      0x592 ..\obj\misc.o
 .debug_info    0x0000d50c      0x5ee ..\obj\usb_mem.o
 .debug_info    0x0000dafa      0x636 ..\obj\usb_istr.o

.debug_abbrev   0x00000000     0x2eb0
 .debug_abbrev  0x00000000      0x1c8 ..\obj\stm32f10x_rtc.o
 .debug_abbrev  0x000001c8      0x2eb ..\obj\usb_core.o
 .debug_abbrev  0x000004b3      0x1ef ..\obj\stm32f10x_tim.o
 .debug_abbrev  0x000006a2      0x18b ..\obj\usb_int.o
 .debug_abbrev  0x0000082d      0x190 ..\obj\system_stm32f10x.o
 .debug_abbrev  0x000009bd      0x133 ..\obj\usb_desc.o
 .debug_abbrev  0x00000af0      0x245 ..\obj\usb_regs.o
 .debug_abbrev  0x00000d35       0xc4 ..\obj\startup_stm32f10x_md.o
 .debug_abbrev  0x00000df9      0x1ba ..\obj\stm32f10x_pwr.o
 .debug_abbrev  0x00000fb3      0x2bb ..\obj\hw_config.o
 .debug_abbrev  0x0000126e      0x20f ..\obj\stm32f10x_gpio.o
 .debug_abbrev  0x0000147d      0x25a ..\obj\usb_prop.o
 .debug_abbrev  0x000016d7      0x2c6 ..\obj\usb_pwr.o
 .debug_abbrev  0x0000199d      0x138 ..\obj\usb_init.o
 .debug_abbrev  0x00001ad5      0x493 ..\obj\main.o
 .debug_abbrev  0x00001f68      0x2ee ..\obj\printf.o
 .debug_abbrev  0x00002256      0x1f9 ..\obj\stm32f10x_rcc.o
 .debug_abbrev  0x0000244f      0x18e ..\obj\stm32f10x_exti.o
 .debug_abbrev  0x000025dd      0x16b ..\obj\usb_sil.o
 .debug_abbrev  0x00002748       0x14 ..\obj\sh_cmd.o
 .debug_abbrev  0x0000275c      0x143 ..\obj\stm32_it.o
 .debug_abbrev  0x0000289f      0x19c ..\obj\usb_endp.o
 .debug_abbrev  0x00002a3b      0x196 ..\obj\misc.o
 .debug_abbrev  0x00002bd1      0x15e ..\obj\usb_mem.o
 .debug_abbrev  0x00002d2f      0x181 ..\obj\usb_istr.o

.debug_aranges  0x00000000      0xd50
 .debug_aranges
                0x00000000       0x88 ..\obj\stm32f10x_rtc.o
 .debug_aranges
                0x00000088       0xb0 ..\obj\usb_core.o
 .debug_aranges
                0x00000138      0x2f0 ..\obj\stm32f10x_tim.o
 .debug_aranges
                0x00000428       0x28 ..\obj\usb_int.o
 .debug_aranges
                0x00000450       0x38 ..\obj\system_stm32f10x.o
 .debug_aranges
                0x00000488       0x18 ..\obj\usb_desc.o
 .debug_aranges
                0x000004a0      0x1f0 ..\obj\usb_regs.o
 .debug_aranges
                0x00000690       0x28 ..\obj\startup_stm32f10x_md.o
 .debug_aranges
                0x000006b8       0x60 ..\obj\stm32f10x_pwr.o
 .debug_aranges
                0x00000718       0x68 ..\obj\hw_config.o
 .debug_aranges
                0x00000780       0xa8 ..\obj\stm32f10x_gpio.o
 .debug_aranges
                0x00000828       0x88 ..\obj\usb_prop.o
 .debug_aranges
                0x000008b0       0x40 ..\obj\usb_pwr.o
 .debug_aranges
                0x000008f0       0x20 ..\obj\usb_init.o
 .debug_aranges
                0x00000910       0xc0 ..\obj\main.o
 .debug_aranges
                0x000009d0       0xa0 ..\obj\printf.o
 .debug_aranges
                0x00000a70      0x118 ..\obj\stm32f10x_rcc.o
 .debug_aranges
                0x00000b88       0x58 ..\obj\stm32f10x_exti.o
 .debug_aranges
                0x00000be0       0x30 ..\obj\usb_sil.o
 .debug_aranges
                0x00000c10       0x20 ..\obj\sh_cmd.o
 .debug_aranges
                0x00000c30       0x70 ..\obj\stm32_it.o
 .debug_aranges
                0x00000ca0       0x28 ..\obj\usb_endp.o
 .debug_aranges
                0x00000cc8       0x40 ..\obj\misc.o
 .debug_aranges
                0x00000d08       0x28 ..\obj\usb_mem.o
 .debug_aranges
                0x00000d30       0x20 ..\obj\usb_istr.o

.debug_ranges   0x00000000      0xc98
 .debug_ranges  0x00000000       0x78 ..\obj\stm32f10x_rtc.o
 .debug_ranges  0x00000078       0xa0 ..\obj\usb_core.o
 .debug_ranges  0x00000118      0x2e0 ..\obj\stm32f10x_tim.o
 .debug_ranges  0x000003f8       0x18 ..\obj\usb_int.o
 .debug_ranges  0x00000410       0x28 ..\obj\system_stm32f10x.o
 .debug_ranges  0x00000438      0x2b8 ..\obj\usb_regs.o
 .debug_ranges  0x000006f0       0x18 ..\obj\startup_stm32f10x_md.o
 .debug_ranges  0x00000708       0x50 ..\obj\stm32f10x_pwr.o
 .debug_ranges  0x00000758       0x58 ..\obj\hw_config.o
 .debug_ranges  0x000007b0       0x98 ..\obj\stm32f10x_gpio.o
 .debug_ranges  0x00000848       0x78 ..\obj\usb_prop.o
 .debug_ranges  0x000008c0       0x30 ..\obj\usb_pwr.o
 .debug_ranges  0x000008f0       0x10 ..\obj\usb_init.o
 .debug_ranges  0x00000900       0xc8 ..\obj\main.o
 .debug_ranges  0x000009c8       0x90 ..\obj\printf.o
 .debug_ranges  0x00000a58      0x108 ..\obj\stm32f10x_rcc.o
 .debug_ranges  0x00000b60       0x48 ..\obj\stm32f10x_exti.o
 .debug_ranges  0x00000ba8       0x20 ..\obj\usb_sil.o
 .debug_ranges  0x00000bc8       0x60 ..\obj\stm32_it.o
 .debug_ranges  0x00000c28       0x18 ..\obj\usb_endp.o
 .debug_ranges  0x00000c40       0x30 ..\obj\misc.o
 .debug_ranges  0x00000c70       0x18 ..\obj\usb_mem.o
 .debug_ranges  0x00000c88       0x10 ..\obj\usb_istr.o

.debug_line     0x00000000     0x77ff
 .debug_line    0x00000000      0x3cf ..\obj\stm32f10x_rtc.o
 .debug_line    0x000003cf      0xade ..\obj\usb_core.o
 .debug_line    0x00000ead     0x11e2 ..\obj\stm32f10x_tim.o
 .debug_line    0x0000208f      0x364 ..\obj\usb_int.o
 .debug_line    0x000023f3      0x312 ..\obj\system_stm32f10x.o
 .debug_line    0x00002705      0x1df ..\obj\usb_desc.o
 .debug_line    0x000028e4      0x961 ..\obj\usb_regs.o
 .debug_line    0x00003245       0xb7 ..\obj\startup_stm32f10x_md.o
 .debug_line    0x000032fc      0x30f ..\obj\stm32f10x_pwr.o
 .debug_line    0x0000360b      0x452 ..\obj\hw_config.o
 .debug_line    0x00003a5d      0x5d5 ..\obj\stm32f10x_gpio.o
 .debug_line    0x00004032      0x429 ..\obj\usb_prop.o
 .debug_line    0x0000445b      0x3f8 ..\obj\usb_pwr.o
 .debug_line    0x00004853      0x1fb ..\obj\usb_init.o
 .debug_line    0x00004a4e      0xce9 ..\obj\main.o
 .debug_line    0x00005737      0x573 ..\obj\printf.o
 .debug_line    0x00005caa      0x770 ..\obj\stm32f10x_rcc.o
 .debug_line    0x0000641a      0x38c ..\obj\stm32f10x_exti.o
 .debug_line    0x000067a6      0x230 ..\obj\usb_sil.o
 .debug_line    0x000069d6       0x75 ..\obj\sh_cmd.o
 .debug_line    0x00006a4b      0x2e1 ..\obj\stm32_it.o
 .debug_line    0x00006d2c      0x23c ..\obj\usb_endp.o
 .debug_line    0x00006f68      0x2e3 ..\obj\misc.o
 .debug_line    0x0000724b      0x2a8 ..\obj\usb_mem.o
 .debug_line    0x000074f3      0x30c ..\obj\usb_istr.o

.debug_str      0x00000000     0x3ce8
 .debug_str     0x00000000      0x381 ..\obj\stm32f10x_rtc.o
                                0x3f1 (size before relaxing)
 .debug_str     0x00000381      0x7eb ..\obj\usb_core.o
                                0xaff (size before relaxing)
 .debug_str     0x00000b6c      0xb79 ..\obj\stm32f10x_tim.o
                                0xe2c (size before relaxing)
 .debug_str     0x000016e5       0x6a ..\obj\usb_int.o
                                0x620 (size before relaxing)
 .debug_str     0x0000174f      0x15b ..\obj\system_stm32f10x.o
                                0x32e (size before relaxing)
 .debug_str     0x000018aa       0xfe ..\obj\usb_desc.o
                                0x6ab (size before relaxing)
 .debug_str     0x000019a8      0x404 ..\obj\usb_regs.o
                                0x9cd (size before relaxing)
 .debug_str     0x00001dac       0xbb ..\obj\startup_stm32f10x_md.o
                                0x19d (size before relaxing)
 .debug_str     0x00001e67      0x120 ..\obj\stm32f10x_pwr.o
                                0x371 (size before relaxing)
 .debug_str     0x00001f87      0x773 ..\obj\hw_config.o
                                0xe2e (size before relaxing)
 .debug_str     0x000026fa      0x253 ..\obj\stm32f10x_gpio.o
                                0x568 (size before relaxing)
 .debug_str     0x0000294d      0x235 ..\obj\usb_prop.o
                                0xa26 (size before relaxing)
 .debug_str     0x00002b82      0x120 ..\obj\usb_pwr.o
                                0x7e6 (size before relaxing)
 .debug_str     0x00002ca2       0x4a ..\obj\usb_init.o
                                0x5f7 (size before relaxing)
 .debug_str     0x00002cec      0x601 ..\obj\main.o
                               0x151b (size before relaxing)
 .debug_str     0x000032ed      0x10b ..\obj\printf.o
                                0x68a (size before relaxing)
 .debug_str     0x000033f8      0x3c7 ..\obj\stm32f10x_rcc.o
                                0x669 (size before relaxing)
 .debug_str     0x000037bf       0xfe ..\obj\stm32f10x_exti.o
                                0x398 (size before relaxing)
 .debug_str     0x000038bd       0x96 ..\obj\usb_sil.o
                                0x643 (size before relaxing)
 .debug_str     0x00003953       0x41 ..\obj\sh_cmd.o
                                 0x6d (size before relaxing)
 .debug_str     0x00003994       0xea ..\obj\stm32_it.o
                                0x697 (size before relaxing)
 .debug_str     0x00003a7e       0x62 ..\obj\usb_endp.o
                                0x741 (size before relaxing)
 .debug_str     0x00003ae0      0x10d ..\obj\misc.o
                                0x40d (size before relaxing)
 .debug_str     0x00003bed       0x98 ..\obj\usb_mem.o
                                0x645 (size before relaxing)
 .debug_str     0x00003c85       0x63 ..\obj\usb_istr.o
                                0x6cd (size before relaxing)

.comment        0x00000000       0x79
 .comment       0x00000000       0x79 ..\obj\stm32f10x_rtc.o
                                 0x7a (size before relaxing)
 .comment       0x00000079       0x7a ..\obj\usb_core.o
 .comment       0x00000079       0x7a ..\obj\stm32f10x_tim.o
 .comment       0x00000079       0x7a ..\obj\usb_int.o
 .comment       0x00000079       0x7a ..\obj\system_stm32f10x.o
 .comment       0x00000079       0x7a ..\obj\usb_desc.o
 .comment       0x00000079       0x7a ..\obj\usb_regs.o
 .comment       0x00000079       0x7a ..\obj\startup_stm32f10x_md.o
 .comment       0x00000079       0x7a ..\obj\stm32f10x_pwr.o
 .comment       0x00000079       0x7a ..\obj\hw_config.o
 .comment       0x00000079       0x7a ..\obj\stm32f10x_gpio.o
 .comment       0x00000079       0x7a ..\obj\usb_prop.o
 .comment       0x00000079       0x7a ..\obj\usb_pwr.o
 .comment       0x00000079       0x7a ..\obj\usb_init.o
 .comment       0x00000079       0x7a ..\obj\main.o
 .comment       0x00000079       0x7a ..\obj\printf.o
 .comment       0x00000079       0x7a ..\obj\stm32f10x_rcc.o
 .comment       0x00000079       0x7a ..\obj\stm32f10x_exti.o
 .comment       0x00000079       0x7a ..\obj\usb_sil.o
 .comment       0x00000079       0x7a ..\obj\stm32_it.o
 .comment       0x00000079       0x7a ..\obj\usb_endp.o
 .comment       0x00000079       0x7a ..\obj\misc.o
 .comment       0x00000079       0x7a ..\obj\usb_mem.o
 .comment       0x00000079       0x7a ..\obj\usb_istr.o

.ARM.attributes
                0x00000000       0x2b
 .ARM.attributes
                0x00000000       0x2d ..\obj\stm32f10x_rtc.o
 .ARM.attributes
                0x0000002d       0x2d ..\obj\usb_core.o
 .ARM.attributes
                0x0000005a       0x2d ..\obj\stm32f10x_tim.o
 .ARM.attributes
                0x00000087       0x2d ..\obj\usb_int.o
 .ARM.attributes
                0x000000b4       0x2d ..\obj\system_stm32f10x.o
 .ARM.attributes
                0x000000e1       0x33 ..\obj\usb_desc.o
 .ARM.attributes
                0x00000114       0x2d ..\obj\usb_regs.o
 .ARM.attributes
                0x00000141       0x2d ..\obj\startup_stm32f10x_md.o
 .ARM.attributes
                0x0000016e       0x2d ..\obj\stm32f10x_pwr.o
 .ARM.attributes
                0x0000019b       0x2d ..\obj\hw_config.o
 .ARM.attributes
                0x000001c8       0x2d ..\obj\stm32f10x_gpio.o
 .ARM.attributes
                0x000001f5       0x2d ..\obj\usb_prop.o
 .ARM.attributes
                0x00000222       0x2d ..\obj\usb_pwr.o
 .ARM.attributes
                0x0000024f       0x2d ..\obj\usb_init.o
 .ARM.attributes
                0x0000027c       0x2d ..\obj\main.o
 .ARM.attributes
                0x000002a9       0x2d ..\obj\printf.o
 .ARM.attributes
                0x000002d6       0x2d ..\obj\stm32f10x_rcc.o
 .ARM.attributes
                0x00000303       0x2d ..\obj\stm32f10x_exti.o
 .ARM.attributes
                0x00000330       0x2d ..\obj\usb_sil.o
 .ARM.attributes
                0x0000035d       0x1b ..\obj\sh_cmd.o
 .ARM.attributes
                0x00000378       0x2d ..\obj\stm32_it.o
 .ARM.attributes
                0x000003a5       0x2d ..\obj\usb_endp.o
 .ARM.attributes
                0x000003d2       0x2d ..\obj\misc.o
 .ARM.attributes
                0x000003ff       0x2d ..\obj\usb_mem.o
 .ARM.attributes
                0x0000042c       0x2d ..\obj\usb_istr.o
 .ARM.attributes
                0x00000459       0x2d c:/program files (x86)/gnu tools arm embedded/9 2019-q4-major/bin/../lib/gcc/arm-none-eabi/9.2.1/../../../../arm-none-eabi/lib/thumb/v7-m/nofp\libg.a(lib_a-rand.o)
 .ARM.attributes
                0x00000486       0x2d c:/program files (x86)/gnu tools arm embedded/9 2019-q4-major/bin/../lib/gcc/arm-none-eabi/9.2.1/../../../../arm-none-eabi/lib/thumb/v7-m/nofp\libg.a(lib_a-strncmp.o)

.debug_frame    0x00000000     0x35e8
 .debug_frame   0x00000000      0x214 ..\obj\stm32f10x_rtc.o
 .debug_frame   0x00000214      0x2b8 ..\obj\usb_core.o
 .debug_frame   0x000004cc      0xe2c ..\obj\stm32f10x_tim.o
 .debug_frame   0x000012f8       0x5c ..\obj\usb_int.o
 .debug_frame   0x00001354       0x98 ..\obj\system_stm32f10x.o
 .debug_frame   0x000013ec      0x91c ..\obj\usb_regs.o
 .debug_frame   0x00001d08       0x4c ..\obj\startup_stm32f10x_md.o
 .debug_frame   0x00001d54      0x164 ..\obj\stm32f10x_pwr.o
 .debug_frame   0x00001eb8      0x168 ..\obj\hw_config.o
 .debug_frame   0x00002020      0x2d0 ..\obj\stm32f10x_gpio.o
 .debug_frame   0x000022f0      0x200 ..\obj\usb_prop.o
 .debug_frame   0x000024f0       0xc0 ..\obj\usb_pwr.o
 .debug_frame   0x000025b0       0x2c ..\obj\usb_init.o
 .debug_frame   0x000025dc      0x2ec ..\obj\main.o
 .debug_frame   0x000028c8      0x2d8 ..\obj\printf.o
 .debug_frame   0x00002ba0      0x4f4 ..\obj\stm32f10x_rcc.o
 .debug_frame   0x00003094      0x148 ..\obj\stm32f10x_exti.o
 .debug_frame   0x000031dc       0x78 ..\obj\usb_sil.o
 .debug_frame   0x00003254      0x148 ..\obj\stm32_it.o
 .debug_frame   0x0000339c       0x4c ..\obj\usb_endp.o
 .debug_frame   0x000033e8       0xd8 ..\obj\misc.o
 .debug_frame   0x000034c0       0x60 ..\obj\usb_mem.o
 .debug_frame   0x00003520       0x34 ..\obj\usb_istr.o
 .debug_frame   0x00003554       0x3c c:/program files (x86)/gnu tools arm embedded/9 2019-q4-major/bin/../lib/gcc/arm-none-eabi/9.2.1/../../../../arm-none-eabi/lib/thumb/v7-m/nofp\libg.a(lib_a-rand.o)
 .debug_frame   0x00003590       0x58 c:/program files (x86)/gnu tools arm embedded/9 2019-q4-major/bin/../lib/gcc/arm-none-eabi/9.2.1/../../../../arm-none-eabi/lib/thumb/v7-m/nofp\libg.a(lib_a-strncmp.o)
